mode: atomic
backend/internal/features/createlist/handler.go:26.54,27.33 1 8
backend/internal/features/createlist/handler.go:27.33,30.3 2 2
backend/internal/features/createlist/handler.go:32.2,33.61 2 6
backend/internal/features/createlist/handler.go:33.61,36.3 2 0
backend/internal/features/createlist/handler.go:38.2,38.23 1 6
backend/internal/features/createlist/handler.go:38.23,41.3 2 1
backend/internal/features/createlist/handler.go:43.2,43.20 1 5
backend/internal/features/createlist/handler.go:43.20,46.3 2 1
backend/internal/features/createlist/handler.go:49.2,51.33 3 4
backend/internal/features/createlist/handler.go:51.33,52.23 1 5
backend/internal/features/createlist/handler.go:52.23,54.9 2 1
backend/internal/features/createlist/handler.go:57.2,57.19 1 4
backend/internal/features/createlist/handler.go:57.19,59.3 1 3
backend/internal/features/createlist/handler.go:62.2,63.33 2 4
backend/internal/features/createlist/handler.go:63.33,64.14 1 9
backend/internal/features/createlist/handler.go:64.14,67.4 2 1
backend/internal/features/createlist/handler.go:68.3,68.17 1 8
backend/internal/features/createlist/handler.go:72.2,86.52 4 3
backend/internal/features/createlist/handler.go:86.52,89.3 2 0
backend/internal/features/createlist/handler.go:91.2,93.67 3 3
backend/internal/features/edititemdescription/handler.go:21.54,22.32 1 4
backend/internal/features/edititemdescription/handler.go:22.32,25.3 2 1
backend/internal/features/edititemdescription/handler.go:28.2,30.20 3 3
backend/internal/features/edititemdescription/handler.go:30.20,33.3 2 0
backend/internal/features/edititemdescription/handler.go:34.2,38.61 4 3
backend/internal/features/edititemdescription/handler.go:38.61,41.3 2 1
backend/internal/features/edititemdescription/handler.go:44.2,55.52 3 2
backend/internal/features/edititemdescription/handler.go:55.52,58.3 2 0
backend/internal/features/edititemdescription/handler.go:60.2,62.71 3 2
backend/cmd/server/botrender.go:49.81,54.2 1 4
backend/cmd/server/botrender.go:57.78,59.23 1 4
backend/cmd/server/botrender.go:59.23,62.3 2 1
backend/cmd/server/botrender.go:64.2,65.31 2 3
backend/cmd/server/botrender.go:65.31,66.55 1 2
backend/cmd/server/botrender.go:66.55,69.4 2 1
backend/cmd/server/botrender.go:72.2,72.24 1 2
backend/cmd/server/botrender.go:76.32,77.38 1 16
backend/cmd/server/botrender.go:77.38,78.34 1 219
backend/cmd/server/botrender.go:78.34,80.4 1 11
backend/cmd/server/botrender.go:82.2,82.14 1 5
backend/cmd/server/main.go:23.13,38.21 12 0
backend/cmd/server/main.go:38.21,42.3 3 0
backend/cmd/server/main.go:45.2,55.16 4 0
backend/cmd/server/main.go:55.16,57.3 1 0
backend/cmd/server/main.go:59.2,65.48 3 0
backend/cmd/server/main.go:65.48,67.3 1 0
backend/cmd/server/main.go:70.60,74.2 3 1
backend/cmd/server/spa.go:17.50,22.2 1 3
backend/cmd/server/spa.go:25.72,31.59 3 3
backend/cmd/server/spa.go:31.59,34.3 2 0
backend/cmd/server/spa.go:37.2,38.40 2 3
backend/cmd/server/spa.go:38.40,42.3 2 2
backend/cmd/server/spa.go:44.2,44.16 1 1
backend/cmd/server/spa.go:44.16,48.3 2 0
backend/cmd/server/spa.go:51.2,51.28 1 1
backend/internal/features/renameitemtitle/handler.go:21.54,22.32 1 5
backend/internal/features/renameitemtitle/handler.go:22.32,25.3 2 1
backend/internal/features/renameitemtitle/handler.go:28.2,30.20 3 4
backend/internal/features/renameitemtitle/handler.go:30.20,33.3 2 0
backend/internal/features/renameitemtitle/handler.go:34.2,38.61 4 4
backend/internal/features/renameitemtitle/handler.go:38.61,41.3 2 1
backend/internal/features/renameitemtitle/handler.go:43.2,44.20 2 3
backend/internal/features/renameitemtitle/handler.go:44.20,47.3 2 2
backend/internal/features/renameitemtitle/handler.go:50.2,61.52 3 1
backend/internal/features/renameitemtitle/handler.go:61.52,64.3 2 0
backend/internal/features/renameitemtitle/handler.go:66.2,68.71 3 1
backend/internal/features/completeitem/handler.go:22.54,23.32 1 6
backend/internal/features/completeitem/handler.go:23.32,26.3 2 1
backend/internal/features/completeitem/handler.go:29.2,31.20 3 5
backend/internal/features/completeitem/handler.go:31.20,34.3 2 0
backend/internal/features/completeitem/handler.go:35.2,39.61 4 5
backend/internal/features/completeitem/handler.go:39.61,42.3 2 1
backend/internal/features/completeitem/handler.go:44.2,45.23 2 4
backend/internal/features/completeitem/handler.go:45.23,48.3 2 2
backend/internal/features/completeitem/handler.go:51.2,63.52 3 2
backend/internal/features/completeitem/handler.go:63.52,66.3 2 0
backend/internal/features/completeitem/handler.go:68.2,70.71 3 2
backend/internal/features/assignitem/handler.go:21.54,22.32 1 3
backend/internal/features/assignitem/handler.go:22.32,25.3 2 0
backend/internal/features/assignitem/handler.go:27.2,29.20 3 3
backend/internal/features/assignitem/handler.go:29.20,32.3 2 0
backend/internal/features/assignitem/handler.go:33.2,37.61 4 3
backend/internal/features/assignitem/handler.go:37.61,40.3 2 0
backend/internal/features/assignitem/handler.go:42.2,44.16 3 3
backend/internal/features/assignitem/handler.go:44.16,47.3 2 0
backend/internal/features/assignitem/handler.go:49.2,50.16 2 3
backend/internal/features/assignitem/handler.go:50.16,53.3 2 0
backend/internal/features/assignitem/handler.go:55.2,55.47 1 3
backend/internal/features/assignitem/handler.go:55.47,58.3 2 0
backend/internal/features/assignitem/handler.go:60.2,61.49 2 3
backend/internal/features/assignitem/handler.go:61.49,63.3 1 9
backend/internal/features/assignitem/handler.go:65.2,67.42 3 3
backend/internal/features/assignitem/handler.go:67.42,69.20 2 3
backend/internal/features/assignitem/handler.go:69.20,70.12 1 0
backend/internal/features/assignitem/handler.go:72.3,72.31 1 3
backend/internal/features/assignitem/handler.go:72.31,75.4 2 1
backend/internal/features/assignitem/handler.go:76.3,76.20 1 2
backend/internal/features/assignitem/handler.go:76.20,77.12 1 0
backend/internal/features/assignitem/handler.go:79.3,80.43 2 2
backend/internal/features/assignitem/handler.go:83.2,93.52 2 2
backend/internal/features/assignitem/handler.go:93.52,96.3 2 0
backend/internal/features/assignitem/handler.go:98.2,100.71 3 2
backend/internal/features/renamelist/handler.go:20.54,21.32 1 9
backend/internal/features/renamelist/handler.go:21.32,24.3 2 1
backend/internal/features/renamelist/handler.go:26.2,27.18 2 8
backend/internal/features/renamelist/handler.go:27.18,30.3 2 1
backend/internal/features/renamelist/handler.go:32.2,33.61 2 7
backend/internal/features/renamelist/handler.go:33.61,36.3 2 1
backend/internal/features/renamelist/handler.go:38.2,38.20 1 6
backend/internal/features/renamelist/handler.go:38.20,41.3 2 1
backend/internal/features/renamelist/handler.go:42.2,42.25 1 5
backend/internal/features/renamelist/handler.go:42.25,45.3 2 1
backend/internal/features/renamelist/handler.go:47.2,51.16 3 4
backend/internal/features/renamelist/handler.go:51.16,54.3 2 0
backend/internal/features/renamelist/handler.go:55.2,55.30 1 4
backend/internal/features/renamelist/handler.go:55.30,58.3 2 1
backend/internal/features/renamelist/handler.go:60.2,61.16 2 3
backend/internal/features/renamelist/handler.go:61.16,64.3 2 0
backend/internal/features/renamelist/handler.go:67.2,68.39 2 3
backend/internal/features/renamelist/handler.go:68.39,69.25 1 4
backend/internal/features/renamelist/handler.go:69.25,71.9 2 2
backend/internal/features/renamelist/handler.go:75.2,75.20 1 3
backend/internal/features/renamelist/handler.go:75.20,78.3 2 1
backend/internal/features/renamelist/handler.go:81.2,91.52 2 2
backend/internal/features/renamelist/handler.go:91.52,94.3 2 0
backend/internal/features/renamelist/handler.go:96.2,96.30 1 2
backend/internal/features/additem/handler.go:27.54,28.33 1 7
backend/internal/features/additem/handler.go:28.33,31.3 2 1
backend/internal/features/additem/handler.go:34.2,36.20 3 6
backend/internal/features/additem/handler.go:36.20,39.3 2 0
backend/internal/features/additem/handler.go:40.2,43.61 3 6
backend/internal/features/additem/handler.go:43.61,46.3 2 1
backend/internal/features/additem/handler.go:48.2,49.17 2 5
backend/internal/features/additem/handler.go:49.17,52.3 2 2
backend/internal/features/additem/handler.go:54.2,55.21 2 3
backend/internal/features/additem/handler.go:55.21,58.3 2 2
backend/internal/features/additem/handler.go:61.2,76.52 4 1
backend/internal/features/additem/handler.go:76.52,79.3 2 0
backend/internal/features/additem/handler.go:81.2,83.64 3 1
backend/internal/features/viewlist/handler.go:13.54,14.32 1 4
backend/internal/features/viewlist/handler.go:14.32,17.3 2 1
backend/internal/features/viewlist/handler.go:20.2,22.20 3 3
backend/internal/features/viewlist/handler.go:22.20,25.3 2 0
backend/internal/features/viewlist/handler.go:26.2,31.16 4 3
backend/internal/features/viewlist/handler.go:31.16,34.3 2 0
backend/internal/features/viewlist/handler.go:37.2,38.16 2 3
backend/internal/features/viewlist/handler.go:38.16,41.3 2 0
backend/internal/features/viewlist/handler.go:43.2,45.38 3 3
backend/internal/events/aggregate.go:32.32,37.2 1 16
backend/internal/events/aggregate.go:40.63,43.31 2 16
backend/internal/events/aggregate.go:43.31,44.50 1 37
backend/internal/events/aggregate.go:44.50,46.4 1 0
backend/internal/events/aggregate.go:49.2,49.19 1 16
backend/internal/events/aggregate.go:53.54,54.20 1 37
backend/internal/events/aggregate.go:55.28,57.17 2 15
backend/internal/events/aggregate.go:57.17,59.4 1 0
backend/internal/events/aggregate.go:60.3,61.44 2 15
backend/internal/events/aggregate.go:62.28,64.17 2 1
backend/internal/events/aggregate.go:64.17,66.4 1 0
backend/internal/events/aggregate.go:67.3,67.28 1 1
backend/internal/events/aggregate.go:68.26,70.17 2 11
backend/internal/events/aggregate.go:70.17,72.4 1 0
backend/internal/events/aggregate.go:73.3,79.4 1 11
backend/internal/events/aggregate.go:80.32,82.17 2 0
backend/internal/events/aggregate.go:82.17,84.4 1 0
backend/internal/events/aggregate.go:85.3,85.58 1 0
backend/internal/events/aggregate.go:85.58,87.4 1 0
backend/internal/events/aggregate.go:88.30,90.17 2 5
backend/internal/events/aggregate.go:90.17,92.4 1 0
backend/internal/events/aggregate.go:93.3,93.58 1 5
backend/internal/events/aggregate.go:93.58,95.27 2 4
backend/internal/events/aggregate.go:95.27,98.5 2 3
backend/internal/events/aggregate.go:98.10,101.5 2 1
backend/internal/events/aggregate.go:103.38,105.17 2 2
backend/internal/events/aggregate.go:105.17,107.4 1 0
backend/internal/events/aggregate.go:108.3,108.58 1 2
backend/internal/events/aggregate.go:108.58,110.4 1 2
backend/internal/events/aggregate.go:111.29,113.17 2 2
backend/internal/events/aggregate.go:113.17,115.4 1 0
backend/internal/events/aggregate.go:116.3,116.58 1 2
backend/internal/events/aggregate.go:116.58,118.4 1 2
backend/internal/events/aggregate.go:119.10,119.10 0 1
backend/internal/events/aggregate.go:124.2,124.12 1 37
backend/internal/events/aggregate.go:128.50,132.34 2 36
backend/internal/events/aggregate.go:132.34,134.3 1 24
backend/internal/events/aggregate.go:137.2,138.16 2 12
backend/internal/events/aggregate.go:138.16,140.3 1 0
backend/internal/events/aggregate.go:142.2,142.55 1 12
backend/internal/events/aggregate.go:142.55,144.3 1 0
backend/internal/events/aggregate.go:146.2,146.20 1 12
backend/internal/events/store.go:24.42,26.19 2 2
backend/internal/events/store.go:26.19,28.3 1 1
backend/internal/events/store.go:29.2,29.42 1 2
backend/internal/events/store.go:34.63,36.2 1 4
backend/internal/events/store.go:39.62,41.2 1 8
backend/internal/events/store.go:44.57,47.2 2 5
backend/internal/events/store.go:51.67,52.44 1 5
backend/internal/events/store.go:52.44,54.3 1 0
backend/internal/events/store.go:56.2,58.16 3 5
backend/internal/events/store.go:58.16,60.3 1 0
backend/internal/events/store.go:61.2,64.71 2 5
backend/internal/events/store.go:64.71,66.3 1 0
backend/internal/events/store.go:67.2,71.30 3 5
backend/internal/events/store.go:75.66,78.16 3 3
backend/internal/events/store.go:78.16,79.25 1 1
backend/internal/events/store.go:79.25,81.4 1 1
backend/internal/events/store.go:82.3,82.18 1 0
backend/internal/events/store.go:84.2,88.21 4 2
backend/internal/events/store.go:88.21,90.65 2 4
backend/internal/events/store.go:90.65,92.4 1 0
backend/internal/events/store.go:93.3,93.33 1 4
backend/internal/events/store.go:96.2,96.38 1 2
backend/internal/events/store.go:96.38,98.3 1 0
backend/internal/events/store.go:100.2,100.20 1 2
backend/internal/events/store.go:104.85,106.16 2 1
backend/internal/events/store.go:106.16,108.3 1 0
backend/internal/events/store.go:110.2,111.34 2 1
backend/internal/events/store.go:111.34,112.35 1 3
backend/internal/events/store.go:112.35,114.4 1 2
backend/internal/events/store.go:117.2,117.22 1 1
